// Jest Snapshot v1, https://goo.gl/fbAQLP

exports[`Home Component renders correctly 1`] = `
<div>
  <main
    id="home-main"
  >
    <h1
      id="logo"
    >
      OUT SPOKEN
    </h1>
    <figure
      alt="image"
      id="homepage-image"
    >
      <figcaption>
        <a
          href="https://www.pexels.com/@anastasiia-chaikovska-206547003/"
        >
          Anastasiia Chaikovska
        </a>
      </figcaption>
    </figure>
    <article
      id="intro-text"
    >
      <b>
        BE HEARD! BE STRONG! BE PROUD!
      </b>
       - this is what we believe in. Since 2016, Lorem ipsum dolor sit amet, consectetur adipiscing elit. Donec tristique ipsum eu blandit pharetra. Praesent a ornare neque. Duis laoreet magna id pretium finibus. Vestibulum ut urna volutpat, mollis nunc eu, varius augue. Etiam imperdiet, arcu vitae cursus commodo, purus enim imperdiet massa, quis faucibus nisi quam vel enim. Vestibulum.
    </article>
    <div
      id="buttons"
    >
      <a
        href="/products"
      >
        Shop Now
      </a>
      <a
        href="/cart"
      >
        Your Cart
      </a>
    </div>
  </main>
</div>
`;
